// Jest Snapshot v1, https://goo.gl/fbAQLP

exports[`Status component should render the active and inactive status without crashing 1`] = `
"Snapshot Diff:
- First value
+ Second value

  <DocumentFragment>
    <i
-     aria-label=\\"icon: minus-circle\\"
-     class=\\"anticon anticon-minus-circle\\"
-     style=\\"color: rgb(255, 0, 0);\\"
+     aria-label=\\"icon: check-circle\\"
+     class=\\"anticon anticon-check-circle\\"
+     style=\\"color: rgb(0, 128, 0);\\"
    >
      <svg
        aria-hidden=\\"true\\"
        class=\\"\\"
-       data-icon=\\"minus-circle\\"
+       data-icon=\\"check-circle\\"
        fill=\\"currentColor\\"
        focusable=\\"false\\"
        height=\\"1em\\"
        viewBox=\\"64 64 896 896\\"
        width=\\"1em\\"
      >
        <path
-         d=\\"M696 480H328c-4.4 0-8 3.6-8 8v48c0 4.4 3.6 8 8 8h368c4.4 0 8-3.6 8-8v-48c0-4.4-3.6-8-8-8z\\"
+         d=\\"M699 353h-46.9c-10.2 0-19.9 4.9-25.9 13.3L469 584.3l-71.2-98.8c-6-8.3-15.6-13.3-25.9-13.3H325c-6.5 0-10.3 7.4-6.5 12.7l124.6 172.8a31.8 31.8 0 0 0 51.7 0l210.6-292c3.9-5.3.1-12.7-6.4-12.7z\\"
        />
        <path
          d=\\"M512 64C264.6 64 64 264.6 64 512s200.6 448 448 448 448-200.6 448-448S759.4 64 512 64zm0 820c-205.4 0-372-166.6-372-372s166.6-372 372-372 372 166.6 372 372-166.6 372-372 372z\\"
        />
      </svg>
    </i>
-    Inactive
+    Active
  </DocumentFragment>"
`;
